-- 创建数据库
mysql> create database [if not exists] test_db [character set utf8];

-- 查看数据库
mysql> show databases;

-- 查看数据库的创建方式
mysql> show create database test_db;
+----------+------------------------------------------------------------------+
| Database | Create Database                                                  |
+----------+------------------------------------------------------------------+
| test_db  | CREATE DATABASE `test_db` /*!40100 DEFAULT CHARACTER SET utf8 */ |
+----------+------------------------------------------------------------------+

-- 修改数据库的字符编码
    mysql> alter database test_db character set gb2312;
    Query OK, 1 row affected (0.00 sec)

    mysql> show create database test_db;
    +----------+--------------------------------------------------------------------+
    | Database | Create Database                                                    |
    +----------+--------------------------------------------------------------------+
    | test_db  | CREATE DATABASE `test_db` /*!40100 DEFAULT CHARACTER SET gb2312 */ |
    +----------+--------------------------------------------------------------------+
    1 row in set (0.00 sec)

二、创建数据库
    create database test_db1;
    Query OK, 1 row affected (0.00 sec)

    mysql> create database if not exists TestDB;
    Query OK, 1 row affected, 1 warning (0.00 sec)

三、删除数据库
    mysql> drop database if exists test_db;
    Query OK, 0 rows affected (0.00 sec)

    mysql> show create database test_db;
    ERROR 1049 (42000): Unknown database 'test_db'

四、查看数据库信息
    mysql> show create database TestDB;
    +----------+-----------------------------------------------------------------+
    | Database | Create Database                                                 |
    +----------+-----------------------------------------------------------------+
    | TestDB   | CREATE DATABASE `TestDB` /*!40100 DEFAULT CHARACTER SET utf8 */ |
    +----------+-----------------------------------------------------------------+
    1 row in set (0.00 sec)

    改变编码方式
    create database if not exists TestDB character set gbk;

